080
002
012

070
001
001

060
000
000

050
000
000

040
000
000

030
000
000

020
000
000

010
000
000

000
000
000
