08000
21000

07123
10122

06012
00011

05001
00000

04000
00000

03000
00000

02000
00000

01000
00000

00000
00000

00000
00000

00000
00000

00000
00000

00000
00000

00000
00000

00000
00000

22100
32100

11000
21000

00000
10000

00000
00000
