8888
8888
8888
8888

9998
9998
9998
8888

8887
8887
8887
7777

7776
7776
7776
6666

6665
6665
6665
5555

5554
5554
5554
4444

4443
4443
4443
3333

3332
3332
3332
2222

2221
2221
2221
1111

1110
1110
1110
0000

0000
0000
0000
0000